Resolved 80 packages in 457ms
   Building coffea @ file:///Users/lgray/vibe-coding/coffea-graphed-mvp
      Built coffea @ file:///Users/lgray/vibe-coding/coffea-graphed-mvp
Prepared 1 package in 285ms
Installed 59 packages in 476ms
 + aiohappyeyeballs==2.7.1
 + aiohttp==3.14.3
 + aiosignal==1.4.0
 + annotated-types==0.8.0
 + asttokens==3.0.2
 + attrs==26.1.0
 + cachetools==7.2.0
 + coffea==2026.9.1.dev23+gb2612ab03 (from file:///Users/lgray/vibe-coding/coffea-graphed-mvp)
 + comm==0.2.3
 + contourpy==1.4.0
 + correctionlib==2.9.0
 + cramjam==2.12.1
 + cycler==0.12.1
 + fonttools==4.66.0
 + frozenlist==1.8.0
 + ipython==9.17.1
 + ipython-pygments-lexers==1.1.1
 + ipywidgets==8.1.9
 + jedi==0.20.0
 + jupyterlab-widgets==3.0.17
 + kiwisolver==1.5.1
 + llvmlite==0.49.0
 + loky==3.6.0
 + lz4==4.4.5
 + markdown-it-py==4.2.0
 + matplotlib==3.11.2
 + matplotlib-inline==0.2.2
 + mdurl==0.1.2
 + mplhep==1.3.3
 + mplhep-data==0.1.0
 + multidict==6.9.1
 + numba==0.67.0
 + pandas==3.0.6
 + parso==0.8.7
 + pexpect==4.9.0
 + pillow==12.3.0
 + prompt-toolkit==3.0.53
 + propcache==0.5.4
 + ptyprocess==0.7.0
 + pure-eval==0.2.4
 + pydantic==2.13.5
 + pydantic-core==2.46.5
 + pyparsing==3.3.3
 + python-dateutil==2.9.0.post0
 + pyyaml==6.0.3
 + rich==15.0.0
 + scipy==1.18.1
 + six==1.17.0
 + stack-data==0.6.3
 + toml==0.10.2
 + tqdm==4.70.1
 + traitlets==5.16.1
 + typing-inspection==0.4.4
 + uproot==5.7.7.dev14+gca3a8a28c (from git+https://github.com/scikit-hep/uproot5@ca3a8a28c0846ea4c6f42452f69e3cce2939bf62)
 + vector==1.9.0
 + wcwidth==0.9.1
 + widgetsnbextension==4.0.16
 + xxhash==4.0.1
 + yarl==1.25.1
